<Article>
  <id></id>
  <title></title>
</Article>