<MyBook>
  <Foo_Bar>Hello World!</Foo_Bar>
</MyBook>