id: 10eec54d-e30a-4428-be18-01095d889126
title: Time Travel
