<article>
  <id></id>
  <title></title>
</article>