<Article>
  <id>10eec54d-e30a-4428-be18-01095d889126</id>
  <title>Time Travel</title>
  <author>
    <first_name>Doc</first_name>
    <last_name>Brown</last_name>
  </author>
  <date>2021-10-27T22:30:34Z</date>
</Article>