id: cfda163c-d5c1-44a2-909b-5d2ce3a31979
title: The Traveler
