<Book>
  <id>cfda163c-d5c1-44a2-909b-5d2ce3a31979</id>
  <title>The Traveler</title>
  <author>
    <first_name>John</first_name>
    <last_name>Twelve Hawks</last_name>
  </author>
  <year>2005</year>
</Book>