<Comic id="2fd5af35-b85e-4f03-8eba-524be28d7a5b" issue="Forty Two">Hello World!</Comic>